// Jest Snapshot v1, https://goo.gl/fbAQLP

exports[`Screen Tests should match snapshot 1`] = `
<View
  style={
    Array [
      Object {
        "flex": 1,
      },
      undefined,
    ]
  }
>
  <View />
</View>
`;
