// Jest Snapshot v1, https://goo.gl/fbAQLP

exports[`renders correctly 1`] = `
<View
  style={
    Array [
      Object {
        "flex": 1,
      },
      Object {
        "alignItems": "stretch",
        "justifyContent": "center",
      },
    ]
  }
>
  <View
    style={
      Array [
        Object {
          "flex": 1,
        },
        undefined,
      ]
    }
  >
    <View
      style={
        Object {
          "backgroundColor": "#fff",
          "paddingHorizontal": 37.5,
          "paddingVertical": 66.7,
        }
      }
    >
      <View
        onResponderRelease={[Function]}
        onStartShouldSetResponder={[Function]}
        pointerEvents="auto"
      >
        <View
          style={
            Object {
              "backgroundColor": "transparent",
              "borderBottomColor": "rgba(0, 0, 0, 0.38)",
              "borderBottomWidth": 0.5,
              "height": 64,
              "paddingBottom": 8,
              "paddingTop": 32,
            }
          }
        >
          <View
            style={
              Object {
                "position": "absolute",
                "top": 16,
              }
            }
          >
            <Text
              numberOfLines={1}
              style={
                Object {
                  "color": "rgba(0, 0, 0, 0.38)",
                  "fontSize": 12,
                }
              }
            >
              Enter a number
            </Text>
          </View>
          <View
            style={
              Object {
                "flexDirection": "row",
              }
            }
          >
            <TextInput
              allowFontScaling={true}
              autoCapitalize="sentences"
              disableFullscreenUI={true}
              editable={true}
              keyboardType="numeric"
              maxLength={1}
              onBlur={[Function]}
              onChange={[Function]}
              onChangeText={[Function]}
              onContentSizeChange={[Function]}
              onFocus={[Function]}
              selectionColor="rgb(0, 145, 234)"
              style={
                Array [
                  Object {
                    "flex": 1,
                    "margin": 0,
                    "padding": 0,
                    "top": 2,
                  },
                  Object {
                    "color": "rgba(0, 0, 0, .87)",
                    "fontSize": 16,
                    "height": 24,
                    "textAlign": "left",
                  },
                  undefined,
                ]
              }
              underlineColorAndroid="transparent"
              value="1"
            />
          </View>
        </View>
        <View
          style={
            Object {
              "flexDirection": "row",
              "height": 8,
            }
          }
        >
          <View
            style={
              Object {
                "flex": 1,
              }
            }
          >
            <View
              style={
                Object {
                  "alignItems": "flex-start",
                  "bottom": 0,
                  "left": 0,
                  "paddingVertical": 4,
                  "position": "absolute",
                  "right": 0,
                  "top": 0,
                }
              }
            >
              <Text
                numberOfLines={1}
                style={
                  Object {
                    "backgroundColor": "transparent",
                    "color": "rgb(213, 0, 0)",
                    "fontSize": 0,
                    "opacity": 0,
                  }
                }
              />
            </View>
            <View
              style={
                Object {
                  "alignItems": "flex-start",
                  "bottom": 0,
                  "left": 0,
                  "paddingVertical": 4,
                  "position": "absolute",
                  "right": 0,
                  "top": 0,
                }
              }
            >
              <Text
                numberOfLines={1}
                style={
                  Object {
                    "backgroundColor": "transparent",
                    "color": "rgba(0, 0, 0, .38)",
                    "fontSize": 12,
                    "opacity": 1,
                  }
                }
              />
            </View>
          </View>
        </View>
      </View>
      <View
        style={
          Array [
            Object {
              "flexDirection": "row",
            },
            undefined,
          ]
        }
      >
        <View
          accessible={true}
          isTVSelectable={true}
          onResponderGrant={[Function]}
          onResponderMove={[Function]}
          onResponderRelease={[Function]}
          onResponderTerminate={[Function]}
          onResponderTerminationRequest={[Function]}
          onStartShouldSetResponder={[Function]}
          style={
            Object {
              "opacity": 1,
            }
          }
        >
          <View
            style={
              Array [
                Object {
                  "flexDirection": "row",
                },
                Array [
                  Object {
                    "alignItems": "center",
                    "borderRadius": 5,
                    "flexDirection": "row",
                    "justifyContent": "center",
                    "marginVertical": 2,
                  },
                  Object {
                    "backgroundColor": undefined,
                  },
                  Object {
                    "flex": 1,
                  },
                ],
              ]
            }
          >
            <Text
              style={
                Array [
                  Object {
                    "textAlign": "left",
                  },
                  Array [
                    Object {
                      "paddingHorizontal": 12,
                      "paddingVertical": 8,
                      "textAlign": "center",
                      "textAlignVertical": "center",
                    },
                    Object {
                      "color": undefined,
                    },
                    undefined,
                  ],
                ]
              }
            >
              Save
            </Text>
          </View>
        </View>
        <View
          style={
            Object {
              "width": 16,
            }
          }
        />
        <View
          accessible={true}
          isTVSelectable={true}
          onResponderGrant={[Function]}
          onResponderMove={[Function]}
          onResponderRelease={[Function]}
          onResponderTerminate={[Function]}
          onResponderTerminationRequest={[Function]}
          onStartShouldSetResponder={[Function]}
          style={
            Object {
              "opacity": 1,
            }
          }
        >
          <View
            style={
              Array [
                Object {
                  "flexDirection": "row",
                },
                Array [
                  Object {
                    "alignItems": "center",
                    "borderRadius": 5,
                    "flexDirection": "row",
                    "justifyContent": "center",
                    "marginVertical": 2,
                  },
                  Object {
                    "borderColor": undefined,
                    "borderWidth": 1,
                  },
                  Object {
                    "flex": 1,
                  },
                ],
              ]
            }
          >
            <Text
              style={
                Array [
                  Object {
                    "textAlign": "left",
                  },
                  Array [
                    Object {
                      "paddingHorizontal": 12,
                      "paddingVertical": 8,
                      "textAlign": "center",
                      "textAlignVertical": "center",
                    },
                    Object {
                      "color": undefined,
                    },
                    undefined,
                  ],
                ]
              }
            >
              Randomise
            </Text>
          </View>
        </View>
      </View>
    </View>
  </View>
</View>
`;
