// Jest Snapshot v1, https://goo.gl/fbAQLP

exports[`Splash Screen test renders correctly 1`] = `
<View
  style={
    Array [
      Object {
        "flex": 1,
      },
      Object {
        "alignItems": "center",
        "flexDirection": "row",
        "justifyContent": "center",
      },
    ]
  }
>
  <ActivityIndicator
    animating={true}
    color="#999999"
    hidesWhenStopped={true}
    size="small"
  />
  <Text>
    Loading...
  </Text>
</View>
`;
