// Jest Snapshot v1, https://goo.gl/fbAQLP

exports[`ErrorView Tests should match snapshot 1`] = `
<View
  style={
    Array [
      Object {
        "alignItems": "center",
        "flexGrow": 1,
        "justifyContent": "center",
      },
      undefined,
    ]
  }
>
  <Text
    style={
      Object {
        "margin": 16,
        "textAlign": "center",
      }
    }
  />
</View>
`;
