// Jest Snapshot v1, https://goo.gl/fbAQLP

exports[`Col Tests should match snapshot 1`] = `<View />`;
