// Jest Snapshot v1, https://goo.gl/fbAQLP

exports[`Row Tests should match snapshot 1`] = `
<View
  style={
    Array [
      Object {
        "flexDirection": "row",
      },
      undefined,
    ]
  }
/>
`;
