// Jest Snapshot v1, https://goo.gl/fbAQLP

exports[`AsyncView Tests should match snapshot 1`] = `
<View
  style={
    Array [
      Object {
        "flexDirection": "row",
      },
      Object {
        "alignItems": "center",
        "backgroundColor": "rgba(255,255,255,.5)",
        "flex": 1,
        "justifyContent": "center",
      },
    ]
  }
>
  <ActivityIndicator
    animating={true}
    color="#999999"
    hidesWhenStopped={true}
    size="small"
  />
  <Text
    style={
      Object {
        "marginStart": 8,
      }
    }
  >
    Loading...
  </Text>
</View>
`;
