// Jest Snapshot v1, https://goo.gl/fbAQLP

exports[`Text Tests should match snapshot 1`] = `
<Text
  style={
    Array [
      Object {
        "textAlign": "left",
      },
      undefined,
    ]
  }
/>
`;
