// Jest Snapshot v1, https://goo.gl/fbAQLP

exports[`FlatList Tests should match snapshot 1`] = `
<RCTScrollView
  autoLoad="no-data"
  contentContainerStyle={
    Object {
      "flexGrow": 1,
    }
  }
  data={
    Array [
      Object {
        "id": "1",
      },
    ]
  }
  disableVirtualization={false}
  getItem={[Function]}
  getItemCount={[Function]}
  horizontal={false}
  initialNumToRender={10}
  keyExtractor={[Function]}
  maxToRenderPerBatch={10}
  numColumns={1}
  onContentSizeChange={[Function]}
  onEndReachedThreshold={2}
  onLayout={[Function]}
  onMomentumScrollEnd={[Function]}
  onScroll={[Function]}
  onScrollBeginDrag={[Function]}
  onScrollEndDrag={[Function]}
  renderItem={[Function]}
  scrollEventThrottle={50}
  stickyHeaderIndices={Array []}
  style={
    Array [
      Object {
        "flex": 1,
      },
      undefined,
    ]
  }
  updateCellsBatchingPeriod={50}
  viewabilityConfigCallbackPairs={Array []}
  windowSize={21}
>
  <View>
    <View
      onLayout={[Function]}
      style={null}
    >
      <View />
    </View>
  </View>
</RCTScrollView>
`;
